// Jest Snapshot v1, https://goo.gl/fbAQLP

exports[`Storyshots Landing Page Test 1`] = `
<div>
  Landing Page
</div>
`;
